// Jest Snapshot v1, https://goo.gl/fbAQLP

exports[`printResponse() 1`] = `"status=200 headers={\\"content-type\\":\\"text/html; charset=utf-8\\",\\"date\\":\\"Thu, 13 Feb 2020 17:03:57 GMT\\",\\"content-language\\":\\"de-DE, en-CA\\"} body={\\"foo\\":\\"bar\\"}"`;
